// Jest Snapshot v1, https://goo.gl/fbAQLP

exports[`Login component is created 1`] = `
<DocumentFragment>
  <div
    style="margin-top: 15%;"
  >
    <div
      class="row"
    >
      <div
        class="col-sm-2"
      />
      <div
        class="col-sm-8"
        style="text-align: center;"
      >
        <h2
          data-testid="login-header"
        >
          Log into your account
        </h2>
        <br />
      </div>
      <div
        class="col-sm-2"
      />
    </div>
    <div
      class="row"
    >
      <div
        class="col-sm-4"
      />
      <div
        class="col-sm-4"
      >
        <div
          class="form-group"
        >
          <input
            class="form-control"
            data-testid="username"
            id="username"
            placeholder="Username"
            style="border: 1px solid grey;"
            type="text"
          />
        </div>
        <div
          class="form-group"
        >
          <input
            class="form-control"
            data-testid="password"
            id="password"
            placeholder="Password"
            style="border: 1px solid grey;"
            type="password"
          />
        </div>
        <button
          class="btn btn-primary float-right"
          data-testid="submit"
          id="doLogin"
          type="submit"
        >
          Login
        </button>
      </div>
      <div
        class="col-sm-4"
      />
    </div>
  </div>
</DocumentFragment>
`;
