// Jest Snapshot v1, https://goo.gl/fbAQLP

exports[`Branding page renders 1`] = `
<DocumentFragment>
  <div
    class="branding-form"
  >
    <h2>
      B&B details
    </h2>
    <div
      class="input-group mb-3"
    >
      <div
        class="input-group-prepend"
      >
        <span
          class="input-group-text"
        >
          Name
        </span>
      </div>
      <input
        class="form-control"
        id="name"
        placeholder="Enter B&B name"
        type="text"
        value="Shady Meadows B&B"
      />
    </div>
    <div
      class="input-group mb-3"
    >
      <div
        class="input-group-prepend"
      >
        <span
          class="input-group-text"
        >
          Logo
        </span>
      </div>
      <input
        class="form-control"
        id="logoUrl"
        placeholder="Enter image url"
        type="text"
        value="https://www.mwtestconsultancy.co.uk/img/rbp-logo.png"
      />
    </div>
    <div
      class="input-group"
    >
      <div
        class="input-group-prepend"
      >
        <span
          class="input-group-text"
        >
          Description
        </span>
      </div>
      <textarea
        class="form-control"
        id="description"
        rows="5"
      >
        Welcome to Shady Meadows, a delightful Bed & Breakfast nestled in the hills on Newingtonfordburyshire. A place so beautiful you will never want to leave. All our rooms have comfortable beds and we provide breakfast from the locally sourced supermarket. It is a delightful place.
      </textarea>
    </div>
    <br />
    <h2>
      Map details
    </h2>
    <div
      class="input-group mb-3"
    >
      <div
        class="input-group-prepend"
      >
        <span
          class="input-group-text"
        >
          Latitude
        </span>
      </div>
      <input
        class="form-control"
        id="latitude"
        placeholder="Enter Latitude"
        type="text"
        value="52.6351204"
      />
    </div>
    <div
      class="input-group mb-3"
    >
      <div
        class="input-group-prepend"
      >
        <span
          class="input-group-text"
        >
          Longitude
        </span>
      </div>
      <input
        class="form-control"
        id="longitude"
        placeholder="Enter Longitude"
        type="text"
        value="1.2733774"
      />
    </div>
    <br />
    <h2>
      Contact details
    </h2>
    <div
      class="input-group mb-3"
    >
      <div
        class="input-group-prepend"
      >
        <span
          class="input-group-text"
        >
          Name
        </span>
      </div>
      <input
        class="form-control"
        id="contactName"
        placeholder="Enter Contact Name"
        type="text"
        value="Shady Meadows B&B"
      />
    </div>
    <div
      class="input-group mb-3"
    >
      <div
        class="input-group-prepend"
      >
        <span
          class="input-group-text"
        >
          Address
        </span>
      </div>
      <input
        class="form-control"
        id="contactAddress"
        placeholder="Enter Address"
        type="text"
        value="The Old Farmhouse, Shady Street, Newfordburyshire, NE1 410S"
      />
    </div>
    <div
      class="input-group mb-3"
    >
      <div
        class="input-group-prepend"
      >
        <span
          class="input-group-text"
        >
          Phone
        </span>
      </div>
      <input
        class="form-control"
        id="contactPhone"
        placeholder="Enter Phone Number"
        type="text"
        value="0123456789"
      />
    </div>
    <div
      class="input-group mb-3"
    >
      <div
        class="input-group-prepend"
      >
        <span
          class="input-group-text"
        >
          Email
        </span>
      </div>
      <input
        class="form-control"
        id="contactEmail"
        placeholder="Enter Email Address"
        type="email"
        value="fake@fakeemail.com"
      />
    </div>
    <button
      class="btn btn-outline-primary"
      id="updateBranding"
      type="submit"
    >
      Submit
    </button>
  </div>
</DocumentFragment>
`;
